Forwarding from 127.0.0.1:8000 -> 8080
Forwarding from [::1]:8000 -> 8080
Handling connection for 8000
Forwarding from 127.0.0.1:8000 -> 8080
Forwarding from [::1]:8000 -> 8080
Handling connection for 8000
Handling connection for 8000
Unable to listen on port 8000: Listeners failed to create with the following errors: [unable to create listener: Error listen tcp4 127.0.0.1:8000: bind: address already in use unable to create listener: Error listen tcp6 [::1]:8000: bind: address already in use]
error: unable to listen on any of the requested ports: [{8000 8080}]
Handling connection for 8000
Unable to listen on port 8000: Listeners failed to create with the following errors: [unable to create listener: Error listen tcp4 127.0.0.1:8000: bind: address already in use unable to create listener: Error listen tcp6 [::1]:8000: bind: address already in use]
error: unable to listen on any of the requested ports: [{8000 8080}]
Handling connection for 8000
Handling connection for 8000
Handling connection for 8000
Handling connection for 8000
Handling connection for 8000
Handling connection for 8000
Handling connection for 8000
Handling connection for 8000
Handling connection for 8000
Handling connection for 8000
Unable to listen on port 8000: Listeners failed to create with the following errors: [unable to create listener: Error listen tcp4 127.0.0.1:8000: bind: address already in use unable to create listener: Error listen tcp6 [::1]:8000: bind: address already in use]
error: unable to listen on any of the requested ports: [{8000 8080}]
Handling connection for 8000
Handling connection for 8000
Handling connection for 8000
Handling connection for 8000
Handling connection for 8000
Handling connection for 8000
